// Jest Snapshot v1, https://goo.gl/fbAQLP

exports[`Button component renders correctly when isLoading is true 1`] = `
<div
  className="textInput"
>
  <label
    htmlFor="play"
  />
  <input
    name="play"
    onChange={[Function]}
    placeholder="play"
    type="text"
    value="play"
  />
</div>
`;
