// Jest Snapshot v1, https://goo.gl/fbAQLP

exports[`Train Icon should render correctly 1`] = `
<div
  className="trainIcon undefined small"
/>
`;
