// Jest Snapshot v1, https://goo.gl/fbAQLP

exports[`TrainTimes should render correctly 1`] = `
<div
  className="traintimes"
>
  <div
    className="loading"
  />
</div>
`;
